Archive member included because of file (symbol)

c:/program files/atmel/atmel studio 6.0/extensions/atmel/avrgcc/3.4.1.95/avrtoolchain/bin/../lib/gcc/avr/4.6.2/avr5\libgcc.a(_udivmodsi4.o)
                              Drivers/uart.o (__udivmodsi4)
c:/program files/atmel/atmel studio 6.0/extensions/atmel/avrgcc/3.4.1.95/avrtoolchain/bin/../lib/gcc/avr/4.6.2/avr5\libgcc.a(_exit.o)
                              c:/program files/atmel/atmel studio 6.0/extensions/atmel/avrgcc/3.4.1.95/avrtoolchain/bin/../lib/gcc/avr/4.6.2/../../../../avr/lib/avr5/crtm32.o (exit)
c:/program files/atmel/atmel studio 6.0/extensions/atmel/avrgcc/3.4.1.95/avrtoolchain/bin/../lib/gcc/avr/4.6.2/avr5\libgcc.a(_copy_data.o)
                              Drivers/led.o (__do_copy_data)
c:/program files/atmel/atmel studio 6.0/extensions/atmel/avrgcc/3.4.1.95/avrtoolchain/bin/../lib/gcc/avr/4.6.2/avr5\libgcc.a(_clear_bss.o)
                              Drivers/led.o (__do_clear_bss)
c:/program files/atmel/atmel studio 6.0/extensions/atmel/avrgcc/3.4.1.95/avrtoolchain/bin/../lib/gcc/avr/4.6.2/../../../../avr/lib/avr5\libc.a(memcpy.o)
                              Source/queue.o (memcpy)
c:/program files/atmel/atmel studio 6.0/extensions/atmel/avrgcc/3.4.1.95/avrtoolchain/bin/../lib/gcc/avr/4.6.2/../../../../avr/lib/avr5\libc.a(memset.o)
                              Source/tasks.o (memset)
c:/program files/atmel/atmel studio 6.0/extensions/atmel/avrgcc/3.4.1.95/avrtoolchain/bin/../lib/gcc/avr/4.6.2/../../../../avr/lib/avr5\libc.a(strncpy.o)
                              Source/tasks.o (strncpy)
c:/program files/atmel/atmel studio 6.0/extensions/atmel/avrgcc/3.4.1.95/avrtoolchain/bin/../lib/gcc/avr/4.6.2/../../../../avr/lib/avr5\libc.a(itoa.o)
                              Drivers/uart.o (itoa)
c:/program files/atmel/atmel studio 6.0/extensions/atmel/avrgcc/3.4.1.95/avrtoolchain/bin/../lib/gcc/avr/4.6.2/../../../../avr/lib/avr5\libc.a(strrev.o)
                              c:/program files/atmel/atmel studio 6.0/extensions/atmel/avrgcc/3.4.1.95/avrtoolchain/bin/../lib/gcc/avr/4.6.2/../../../../avr/lib/avr5\libc.a(itoa.o) (strrev)
c:/program files/atmel/atmel studio 6.0/extensions/atmel/avrgcc/3.4.1.95/avrtoolchain/bin/../lib/gcc/avr/4.6.2/avr5\libgcc.a(_udivmodhi4.o)
                              c:/program files/atmel/atmel studio 6.0/extensions/atmel/avrgcc/3.4.1.95/avrtoolchain/bin/../lib/gcc/avr/4.6.2/../../../../avr/lib/avr5\libc.a(itoa.o) (__udivmodhi4)

Memory Configuration

Name             Origin             Length             Attributes
text             0x00000000         0x00020000         xr
data             0x00800060         0x0000ffa0         rw !x
eeprom           0x00810000         0x00010000         rw !x
fuse             0x00820000         0x00000400         rw !x
lock             0x00830000         0x00000400         rw !x
signature        0x00840000         0x00000400         rw !x
*default*        0x00000000         0xffffffff

Linker script and memory map

LOAD c:/program files/atmel/atmel studio 6.0/extensions/atmel/avrgcc/3.4.1.95/avrtoolchain/bin/../lib/gcc/avr/4.6.2/../../../../avr/lib/avr5/crtm32.o
LOAD Drivers/led.o
LOAD Drivers/switch.o
LOAD Drivers/uart.o
LOAD RTOS_HH.o
LOAD Source/croutine.o
LOAD Source/list.o
LOAD Source/portable/GCC/ATMega323/port.o
LOAD Source/portable/MemMang/heap_1.o
LOAD Source/queue.o
LOAD Source/tasks.o
LOAD Source/timers.o
START GROUP
LOAD c:/program files/atmel/atmel studio 6.0/extensions/atmel/avrgcc/3.4.1.95/avrtoolchain/bin/../lib/gcc/avr/4.6.2/../../../../avr/lib/avr5\libm.a
END GROUP
LOAD c:/program files/atmel/atmel studio 6.0/extensions/atmel/avrgcc/3.4.1.95/avrtoolchain/bin/../lib/gcc/avr/4.6.2/avr5\libgcc.a
LOAD c:/program files/atmel/atmel studio 6.0/extensions/atmel/avrgcc/3.4.1.95/avrtoolchain/bin/../lib/gcc/avr/4.6.2/../../../../avr/lib/avr5\libc.a
LOAD c:/program files/atmel/atmel studio 6.0/extensions/atmel/avrgcc/3.4.1.95/avrtoolchain/bin/../lib/gcc/avr/4.6.2/avr5\libgcc.a

.hash
 *(.hash)

.dynsym
 *(.dynsym)

.dynstr
 *(.dynstr)

.gnu.version
 *(.gnu.version)

.gnu.version_d
 *(.gnu.version_d)

.gnu.version_r
 *(.gnu.version_r)

.rel.init
 *(.rel.init)

.rela.init
 *(.rela.init)

.rel.text
 *(.rel.text)
 *(.rel.text.*)
 *(.rel.gnu.linkonce.t*)

.rela.text
 *(.rela.text)
 *(.rela.text.*)
 *(.rela.gnu.linkonce.t*)

.rel.fini
 *(.rel.fini)

.rela.fini
 *(.rela.fini)

.rel.rodata
 *(.rel.rodata)
 *(.rel.rodata.*)
 *(.rel.gnu.linkonce.r*)

.rela.rodata
 *(.rela.rodata)
 *(.rela.rodata.*)
 *(.rela.gnu.linkonce.r*)

.rel.data
 *(.rel.data)
 *(.rel.data.*)
 *(.rel.gnu.linkonce.d*)

.rela.data
 *(.rela.data)
 *(.rela.data.*)
 *(.rela.gnu.linkonce.d*)

.rel.ctors
 *(.rel.ctors)

.rela.ctors
 *(.rela.ctors)

.rel.dtors
 *(.rel.dtors)

.rela.dtors
 *(.rela.dtors)

.rel.got
 *(.rel.got)

.rela.got
 *(.rela.got)

.rel.bss
 *(.rel.bss)

.rela.bss
 *(.rela.bss)

.rel.plt
 *(.rel.plt)

.rela.plt
 *(.rela.plt)

.text           0x00000000     0x1b12
 *(.vectors)
 .vectors       0x00000000       0x54 c:/program files/atmel/atmel studio 6.0/extensions/atmel/avrgcc/3.4.1.95/avrtoolchain/bin/../lib/gcc/avr/4.6.2/../../../../avr/lib/avr5/crtm32.o
                0x00000000                __vector_default
                0x00000000                __vectors
 *(.vectors)
 *(.progmem.gcc*)
 *(.progmem*)
                0x00000054                . = ALIGN (0x2)
                0x00000054                __trampolines_start = .
 *(.trampolines)
 .trampolines   0x00000054        0x0 linker stubs
 *(.trampolines*)
                0x00000054                __trampolines_end = .
 *(.jumptables)
 *(.jumptables*)
 *(.lowtext)
 *(.lowtext*)
                0x00000054                __ctors_start = .
 *(.ctors)
                0x00000054                __ctors_end = .
                0x00000054                __dtors_start = .
 *(.dtors)
                0x00000054                __dtors_end = .
 SORT(*)(.ctors)
 SORT(*)(.dtors)
 *(.init0)
 .init0         0x00000054        0x0 c:/program files/atmel/atmel studio 6.0/extensions/atmel/avrgcc/3.4.1.95/avrtoolchain/bin/../lib/gcc/avr/4.6.2/../../../../avr/lib/avr5/crtm32.o
                0x00000054                __init
 *(.init0)
 *(.init1)
 *(.init1)
 *(.init2)
 .init2         0x00000054        0xc c:/program files/atmel/atmel studio 6.0/extensions/atmel/avrgcc/3.4.1.95/avrtoolchain/bin/../lib/gcc/avr/4.6.2/../../../../avr/lib/avr5/crtm32.o
 *(.init2)
 *(.init3)
 *(.init3)
 *(.init4)
 .init4         0x00000060       0x16 c:/program files/atmel/atmel studio 6.0/extensions/atmel/avrgcc/3.4.1.95/avrtoolchain/bin/../lib/gcc/avr/4.6.2/avr5\libgcc.a(_copy_data.o)
                0x00000060                __do_copy_data
 .init4         0x00000076       0x10 c:/program files/atmel/atmel studio 6.0/extensions/atmel/avrgcc/3.4.1.95/avrtoolchain/bin/../lib/gcc/avr/4.6.2/avr5\libgcc.a(_clear_bss.o)
                0x00000076                __do_clear_bss
 *(.init4)
 *(.init5)
 *(.init5)
 *(.init6)
 *(.init6)
 *(.init7)
 *(.init7)
 *(.init8)
 *(.init8)
 *(.init9)
 .init9         0x00000086        0x8 c:/program files/atmel/atmel studio 6.0/extensions/atmel/avrgcc/3.4.1.95/avrtoolchain/bin/../lib/gcc/avr/4.6.2/../../../../avr/lib/avr5/crtm32.o
 *(.init9)
 *(.text)
 .text          0x0000008e        0x4 c:/program files/atmel/atmel studio 6.0/extensions/atmel/avrgcc/3.4.1.95/avrtoolchain/bin/../lib/gcc/avr/4.6.2/../../../../avr/lib/avr5/crtm32.o
                0x0000008e                __vector_1
                0x0000008e                __vector_12
                0x0000008e                __bad_interrupt
                0x0000008e                __vector_6
                0x0000008e                __vector_3
                0x0000008e                __vector_11
                0x0000008e                __vector_13
                0x0000008e                __vector_17
                0x0000008e                __vector_19
                0x0000008e                __vector_5
                0x0000008e                __vector_4
                0x0000008e                __vector_9
                0x0000008e                __vector_2
                0x0000008e                __vector_15
                0x0000008e                __vector_8
                0x0000008e                __vector_14
                0x0000008e                __vector_10
                0x0000008e                __vector_16
                0x0000008e                __vector_18
                0x0000008e                __vector_20
 .text          0x00000092       0x6a Drivers/led.o
                0x00000092                initLEDport
                0x0000009a                writeAllLEDs
                0x000000a0                turnOnLED
                0x000000c0                turnOffLED
                0x000000de                toggleLED
 .text          0x000000fc       0x2e Drivers/switch.o
                0x000000fc                initSwitchPort
                0x00000100                switchStatus
                0x00000106                switchOn
 .text          0x0000012a       0xf2 Drivers/uart.o
                0x0000012a                InitUART
                0x000001ac                CharReady
                0x000001b2                ReadChar
                0x000001ba                SendChar
                0x000001c2                SendString
                0x000001e0                SendInteger
 .text          0x0000021c       0x8c RTOS_HH.o
                0x0000021c                vLEDFlashTask2
                0x00000242                vLEDFlashTask1
                0x00000268                main
 .text          0x000002a8      0x44a Source/croutine.o
                0x000002a8                xCoRoutineCreate
                0x000003ae                vCoRoutineAddToDelayedList
                0x00000434                vCoRoutineSchedule
                0x000006a4                xCoRoutineRemoveFromEventList
 .text          0x000006f2      0x13c Source/list.o
                0x000006f2                vListInitialise
                0x0000070e                vListInitialiseItem
                0x00000716                vListInsertEnd
                0x00000768                vListInsert
                0x000007e2                vListRemove
 .text          0x0000082e      0x2fa Source/portable/GCC/ATMega323/port.o
                0x0000082e                pxPortInitialiseStack
                0x0000094e                xPortStartScheduler
                0x000009b8                vPortEndScheduler
                0x000009ba                vPortYield
                0x00000a6c                vPortYieldFromTick
                0x00000b22                __vector_7
 .text          0x00000b28       0x70 Source/portable/MemMang/heap_1.o
                0x00000b28                pvPortMalloc
                0x00000b7a                vPortFree
                0x00000b7c                vPortInitialiseBlocks
                0x00000b86                xPortGetFreeHeapSize
 .text          0x00000b98      0x5dc Source/queue.o
                0x00000d10                xQueueGenericCreate
                0x00000dda                xQueueGenericSend
                0x00000f16                xQueueGenericSendFromISR
                0x00000f6e                xQueueGenericReceive
                0x000010d0                xQueueReceiveFromISR
                0x0000112a                uxQueueMessagesWaiting
                0x0000113a                uxQueueMessagesWaitingFromISR
                0x00001140                vQueueDelete
                0x0000115a                xQueueIsQueueEmptyFromISR
                0x00001166                xQueueIsQueueFullFromISR
 .text          0x00001174      0x88e Source/tasks.o
                0x000011f2                xTaskGenericCreate
                0x000013e2                vTaskStartScheduler
                0x00001438                vTaskEndScheduler
                0x00001444                vTaskSuspendAll
                0x00001450                xTaskGetTickCount
                0x00001464                xTaskGetTickCountFromISR
                0x0000146e                uxTaskGetNumberOfTasks
                0x00001474                vTaskIncrementTick
                0x00001600                xTaskResumeAll
                0x00001720                vTaskDelay
                0x00001760                vTaskDelayUntil
                0x000017f4                vTaskSwitchContext
                0x000018ae                vTaskPlaceOnEventList
                0x000018e8                xTaskRemoveFromEventList
                0x00001978                vTaskSetTimeOutState
                0x0000198e                xTaskCheckForTimeOut
                0x000019fa                vTaskMissedYield
 .text          0x00001a02        0x0 Source/timers.o
 .text          0x00001a02        0x0 c:/program files/atmel/atmel studio 6.0/extensions/atmel/avrgcc/3.4.1.95/avrtoolchain/bin/../lib/gcc/avr/4.6.2/avr5\libgcc.a(_udivmodsi4.o)
 .text          0x00001a02        0x0 c:/program files/atmel/atmel studio 6.0/extensions/atmel/avrgcc/3.4.1.95/avrtoolchain/bin/../lib/gcc/avr/4.6.2/avr5\libgcc.a(_exit.o)
 .text          0x00001a02        0x0 c:/program files/atmel/atmel studio 6.0/extensions/atmel/avrgcc/3.4.1.95/avrtoolchain/bin/../lib/gcc/avr/4.6.2/avr5\libgcc.a(_copy_data.o)
 .text          0x00001a02        0x0 c:/program files/atmel/atmel studio 6.0/extensions/atmel/avrgcc/3.4.1.95/avrtoolchain/bin/../lib/gcc/avr/4.6.2/avr5\libgcc.a(_clear_bss.o)
 .text          0x00001a02        0x0 c:/program files/atmel/atmel studio 6.0/extensions/atmel/avrgcc/3.4.1.95/avrtoolchain/bin/../lib/gcc/avr/4.6.2/../../../../avr/lib/avr5\libc.a(memcpy.o)
 .text          0x00001a02        0x0 c:/program files/atmel/atmel studio 6.0/extensions/atmel/avrgcc/3.4.1.95/avrtoolchain/bin/../lib/gcc/avr/4.6.2/../../../../avr/lib/avr5\libc.a(memset.o)
 .text          0x00001a02        0x0 c:/program files/atmel/atmel studio 6.0/extensions/atmel/avrgcc/3.4.1.95/avrtoolchain/bin/../lib/gcc/avr/4.6.2/../../../../avr/lib/avr5\libc.a(strncpy.o)
 .text          0x00001a02        0x0 c:/program files/atmel/atmel studio 6.0/extensions/atmel/avrgcc/3.4.1.95/avrtoolchain/bin/../lib/gcc/avr/4.6.2/../../../../avr/lib/avr5\libc.a(itoa.o)
 .text          0x00001a02        0x0 c:/program files/atmel/atmel studio 6.0/extensions/atmel/avrgcc/3.4.1.95/avrtoolchain/bin/../lib/gcc/avr/4.6.2/../../../../avr/lib/avr5\libc.a(strrev.o)
 .text          0x00001a02        0x0 c:/program files/atmel/atmel studio 6.0/extensions/atmel/avrgcc/3.4.1.95/avrtoolchain/bin/../lib/gcc/avr/4.6.2/avr5\libgcc.a(_udivmodhi4.o)
                0x00001a02                . = ALIGN (0x2)
 *(.text.*)
 .text.libgcc   0x00001a02       0x44 c:/program files/atmel/atmel studio 6.0/extensions/atmel/avrgcc/3.4.1.95/avrtoolchain/bin/../lib/gcc/avr/4.6.2/avr5\libgcc.a(_udivmodsi4.o)
                0x00001a02                __udivmodsi4
 .text.libgcc   0x00001a46        0x0 c:/program files/atmel/atmel studio 6.0/extensions/atmel/avrgcc/3.4.1.95/avrtoolchain/bin/../lib/gcc/avr/4.6.2/avr5\libgcc.a(_exit.o)
 .text.libgcc   0x00001a46        0x0 c:/program files/atmel/atmel studio 6.0/extensions/atmel/avrgcc/3.4.1.95/avrtoolchain/bin/../lib/gcc/avr/4.6.2/avr5\libgcc.a(_copy_data.o)
 .text.libgcc   0x00001a46        0x0 c:/program files/atmel/atmel studio 6.0/extensions/atmel/avrgcc/3.4.1.95/avrtoolchain/bin/../lib/gcc/avr/4.6.2/avr5\libgcc.a(_clear_bss.o)
 .text.avr-libc
                0x00001a46       0x12 c:/program files/atmel/atmel studio 6.0/extensions/atmel/avrgcc/3.4.1.95/avrtoolchain/bin/../lib/gcc/avr/4.6.2/../../../../avr/lib/avr5\libc.a(memcpy.o)
                0x00001a46                memcpy
 .text.avr-libc
                0x00001a58        0xe c:/program files/atmel/atmel studio 6.0/extensions/atmel/avrgcc/3.4.1.95/avrtoolchain/bin/../lib/gcc/avr/4.6.2/../../../../avr/lib/avr5\libc.a(memset.o)
                0x00001a58                memset
 .text.avr-libc
                0x00001a66       0x1e c:/program files/atmel/atmel studio 6.0/extensions/atmel/avrgcc/3.4.1.95/avrtoolchain/bin/../lib/gcc/avr/4.6.2/../../../../avr/lib/avr5\libc.a(strncpy.o)
                0x00001a66                strncpy
 .text.avr-libc
                0x00001a84       0x42 c:/program files/atmel/atmel studio 6.0/extensions/atmel/avrgcc/3.4.1.95/avrtoolchain/bin/../lib/gcc/avr/4.6.2/../../../../avr/lib/avr5\libc.a(itoa.o)
                0x00001a84                itoa
 .text.avr-libc
                0x00001ac6       0x20 c:/program files/atmel/atmel studio 6.0/extensions/atmel/avrgcc/3.4.1.95/avrtoolchain/bin/../lib/gcc/avr/4.6.2/../../../../avr/lib/avr5\libc.a(strrev.o)
                0x00001ac6                strrev
 .text.libgcc   0x00001ae6       0x28 c:/program files/atmel/atmel studio 6.0/extensions/atmel/avrgcc/3.4.1.95/avrtoolchain/bin/../lib/gcc/avr/4.6.2/avr5\libgcc.a(_udivmodhi4.o)
                0x00001ae6                __udivmodhi4
                0x00001b0e                . = ALIGN (0x2)
 *(.fini9)
 .fini9         0x00001b0e        0x0 c:/program files/atmel/atmel studio 6.0/extensions/atmel/avrgcc/3.4.1.95/avrtoolchain/bin/../lib/gcc/avr/4.6.2/avr5\libgcc.a(_exit.o)
                0x00001b0e                _exit
                0x00001b0e                exit
 *(.fini9)
 *(.fini8)
 *(.fini8)
 *(.fini7)
 *(.fini7)
 *(.fini6)
 *(.fini6)
 *(.fini5)
 *(.fini5)
 *(.fini4)
 *(.fini4)
 *(.fini3)
 *(.fini3)
 *(.fini2)
 *(.fini2)
 *(.fini1)
 *(.fini1)
 *(.fini0)
 .fini0         0x00001b0e        0x4 c:/program files/atmel/atmel studio 6.0/extensions/atmel/avrgcc/3.4.1.95/avrtoolchain/bin/../lib/gcc/avr/4.6.2/avr5\libgcc.a(_exit.o)
 *(.fini0)
                0x00001b12                _etext = .

.data           0x00800060       0x12 load address 0x00001b12
                0x00800060                PROVIDE (__data_start, .)
 *(.data)
 .data          0x00800060        0x0 c:/program files/atmel/atmel studio 6.0/extensions/atmel/avrgcc/3.4.1.95/avrtoolchain/bin/../lib/gcc/avr/4.6.2/../../../../avr/lib/avr5/crtm32.o
 .data          0x00800060        0x0 Drivers/led.o
 .data          0x00800060        0x0 Drivers/switch.o
 .data          0x00800060        0x0 Drivers/uart.o
 .data          0x00800060        0xa RTOS_HH.o
 .data          0x0080006a        0x0 Source/croutine.o
 .data          0x0080006a        0x0 Source/list.o
 .data          0x0080006a        0x0 Source/portable/GCC/ATMega323/port.o
 .data          0x0080006a        0x0 Source/portable/MemMang/heap_1.o
 .data          0x0080006a        0x0 Source/queue.o
 .data          0x0080006a        0x7 Source/tasks.o
 .data          0x00800071        0x0 Source/timers.o
 .data          0x00800071        0x0 c:/program files/atmel/atmel studio 6.0/extensions/atmel/avrgcc/3.4.1.95/avrtoolchain/bin/../lib/gcc/avr/4.6.2/avr5\libgcc.a(_udivmodsi4.o)
 .data          0x00800071        0x0 c:/program files/atmel/atmel studio 6.0/extensions/atmel/avrgcc/3.4.1.95/avrtoolchain/bin/../lib/gcc/avr/4.6.2/avr5\libgcc.a(_exit.o)
 .data          0x00800071        0x0 c:/program files/atmel/atmel studio 6.0/extensions/atmel/avrgcc/3.4.1.95/avrtoolchain/bin/../lib/gcc/avr/4.6.2/avr5\libgcc.a(_copy_data.o)
 .data          0x00800071        0x0 c:/program files/atmel/atmel studio 6.0/extensions/atmel/avrgcc/3.4.1.95/avrtoolchain/bin/../lib/gcc/avr/4.6.2/avr5\libgcc.a(_clear_bss.o)
 .data          0x00800071        0x0 c:/program files/atmel/atmel studio 6.0/extensions/atmel/avrgcc/3.4.1.95/avrtoolchain/bin/../lib/gcc/avr/4.6.2/../../../../avr/lib/avr5\libc.a(memcpy.o)
 .data          0x00800071        0x0 c:/program files/atmel/atmel studio 6.0/extensions/atmel/avrgcc/3.4.1.95/avrtoolchain/bin/../lib/gcc/avr/4.6.2/../../../../avr/lib/avr5\libc.a(memset.o)
 .data          0x00800071        0x0 c:/program files/atmel/atmel studio 6.0/extensions/atmel/avrgcc/3.4.1.95/avrtoolchain/bin/../lib/gcc/avr/4.6.2/../../../../avr/lib/avr5\libc.a(strncpy.o)
 .data          0x00800071        0x0 c:/program files/atmel/atmel studio 6.0/extensions/atmel/avrgcc/3.4.1.95/avrtoolchain/bin/../lib/gcc/avr/4.6.2/../../../../avr/lib/avr5\libc.a(itoa.o)
 .data          0x00800071        0x0 c:/program files/atmel/atmel studio 6.0/extensions/atmel/avrgcc/3.4.1.95/avrtoolchain/bin/../lib/gcc/avr/4.6.2/../../../../avr/lib/avr5\libc.a(strrev.o)
 .data          0x00800071        0x0 c:/program files/atmel/atmel studio 6.0/extensions/atmel/avrgcc/3.4.1.95/avrtoolchain/bin/../lib/gcc/avr/4.6.2/avr5\libgcc.a(_udivmodhi4.o)
 *(.data*)
 *(.rodata)
 *(.rodata*)
 *(.gnu.linkonce.d*)
                0x00800072                . = ALIGN (0x2)
 *fill*         0x00800071        0x1 00
                0x00800072                _edata = .
                0x00800072                PROVIDE (__data_end, .)

.bss            0x00800072      0x64d
                0x00800072                PROVIDE (__bss_start, .)
 *(.bss)
 .bss           0x00800072        0x0 c:/program files/atmel/atmel studio 6.0/extensions/atmel/avrgcc/3.4.1.95/avrtoolchain/bin/../lib/gcc/avr/4.6.2/../../../../avr/lib/avr5/crtm32.o
 .bss           0x00800072        0x0 Drivers/led.o
 .bss           0x00800072        0x0 Drivers/switch.o
 .bss           0x00800072        0x0 Drivers/uart.o
 .bss           0x00800072        0x0 RTOS_HH.o
 .bss           0x00800072       0x3a Source/croutine.o
                0x00800072                pxCurrentCoRoutine
 .bss           0x008000ac        0x0 Source/list.o
 .bss           0x008000ac        0x0 Source/portable/GCC/ATMega323/port.o
 .bss           0x008000ac      0x5de Source/portable/MemMang/heap_1.o
 .bss           0x0080068a        0x0 Source/queue.o
 .bss           0x0080068a       0x35 Source/tasks.o
                0x0080068a                pxCurrentTCB
 .bss           0x008006bf        0x0 Source/timers.o
 .bss           0x008006bf        0x0 c:/program files/atmel/atmel studio 6.0/extensions/atmel/avrgcc/3.4.1.95/avrtoolchain/bin/../lib/gcc/avr/4.6.2/avr5\libgcc.a(_udivmodsi4.o)
 .bss           0x008006bf        0x0 c:/program files/atmel/atmel studio 6.0/extensions/atmel/avrgcc/3.4.1.95/avrtoolchain/bin/../lib/gcc/avr/4.6.2/avr5\libgcc.a(_exit.o)
 .bss           0x008006bf        0x0 c:/program files/atmel/atmel studio 6.0/extensions/atmel/avrgcc/3.4.1.95/avrtoolchain/bin/../lib/gcc/avr/4.6.2/avr5\libgcc.a(_copy_data.o)
 .bss           0x008006bf        0x0 c:/program files/atmel/atmel studio 6.0/extensions/atmel/avrgcc/3.4.1.95/avrtoolchain/bin/../lib/gcc/avr/4.6.2/avr5\libgcc.a(_clear_bss.o)
 .bss           0x008006bf        0x0 c:/program files/atmel/atmel studio 6.0/extensions/atmel/avrgcc/3.4.1.95/avrtoolchain/bin/../lib/gcc/avr/4.6.2/../../../../avr/lib/avr5\libc.a(memcpy.o)
 .bss           0x008006bf        0x0 c:/program files/atmel/atmel studio 6.0/extensions/atmel/avrgcc/3.4.1.95/avrtoolchain/bin/../lib/gcc/avr/4.6.2/../../../../avr/lib/avr5\libc.a(memset.o)
 .bss           0x008006bf        0x0 c:/program files/atmel/atmel studio 6.0/extensions/atmel/avrgcc/3.4.1.95/avrtoolchain/bin/../lib/gcc/avr/4.6.2/../../../../avr/lib/avr5\libc.a(strncpy.o)
 .bss           0x008006bf        0x0 c:/program files/atmel/atmel studio 6.0/extensions/atmel/avrgcc/3.4.1.95/avrtoolchain/bin/../lib/gcc/avr/4.6.2/../../../../avr/lib/avr5\libc.a(itoa.o)
 .bss           0x008006bf        0x0 c:/program files/atmel/atmel studio 6.0/extensions/atmel/avrgcc/3.4.1.95/avrtoolchain/bin/../lib/gcc/avr/4.6.2/../../../../avr/lib/avr5\libc.a(strrev.o)
 .bss           0x008006bf        0x0 c:/program files/atmel/atmel studio 6.0/extensions/atmel/avrgcc/3.4.1.95/avrtoolchain/bin/../lib/gcc/avr/4.6.2/avr5\libgcc.a(_udivmodhi4.o)
 *(.bss*)
 *(COMMON)
                0x008006bf                PROVIDE (__bss_end, .)
                0x00001b12                __data_load_start = LOADADDR (.data)
                0x00001b24                __data_load_end = (__data_load_start + SIZEOF (.data))

.noinit         0x008006bf        0x0
                0x008006bf                PROVIDE (__noinit_start, .)
 *(.noinit*)
                0x008006bf                PROVIDE (__noinit_end, .)
                0x008006bf                _end = .
                0x008006bf                PROVIDE (__heap_start, .)

.eeprom         0x00810000        0x0
 *(.eeprom*)
                0x00810000                __eeprom_end = .

.fuse
 *(.fuse)
 *(.lfuse)
 *(.hfuse)
 *(.efuse)

.lock
 *(.lock*)

.signature
 *(.signature*)

.stab           0x00000000      0xb10
 *(.stab)
 .stab          0x00000000      0x6cc c:/program files/atmel/atmel studio 6.0/extensions/atmel/avrgcc/3.4.1.95/avrtoolchain/bin/../lib/gcc/avr/4.6.2/../../../../avr/lib/avr5/crtm32.o
 .stab          0x000006cc       0x84 c:/program files/atmel/atmel studio 6.0/extensions/atmel/avrgcc/3.4.1.95/avrtoolchain/bin/../lib/gcc/avr/4.6.2/../../../../avr/lib/avr5\libc.a(memcpy.o)
                                 0x90 (size before relaxing)
 .stab          0x00000750       0x6c c:/program files/atmel/atmel studio 6.0/extensions/atmel/avrgcc/3.4.1.95/avrtoolchain/bin/../lib/gcc/avr/4.6.2/../../../../avr/lib/avr5\libc.a(memset.o)
                                 0x78 (size before relaxing)
 .stab          0x000007bc       0xcc c:/program files/atmel/atmel studio 6.0/extensions/atmel/avrgcc/3.4.1.95/avrtoolchain/bin/../lib/gcc/avr/4.6.2/../../../../avr/lib/avr5\libc.a(strncpy.o)
                                 0xd8 (size before relaxing)
 .stab          0x00000888      0x1b0 c:/program files/atmel/atmel studio 6.0/extensions/atmel/avrgcc/3.4.1.95/avrtoolchain/bin/../lib/gcc/avr/4.6.2/../../../../avr/lib/avr5\libc.a(itoa.o)
                                0x1bc (size before relaxing)
 .stab          0x00000a38       0xd8 c:/program files/atmel/atmel studio 6.0/extensions/atmel/avrgcc/3.4.1.95/avrtoolchain/bin/../lib/gcc/avr/4.6.2/../../../../avr/lib/avr5\libc.a(strrev.o)
                                 0xe4 (size before relaxing)

.stabstr        0x00000000      0x274
 *(.stabstr)
 .stabstr       0x00000000      0x274 c:/program files/atmel/atmel studio 6.0/extensions/atmel/avrgcc/3.4.1.95/avrtoolchain/bin/../lib/gcc/avr/4.6.2/../../../../avr/lib/avr5/crtm32.o

.stab.excl
 *(.stab.excl)

.stab.exclstr
 *(.stab.exclstr)

.stab.index
 *(.stab.index)

.stab.indexstr
 *(.stab.indexstr)

.comment
 *(.comment)

.debug
 *(.debug)

.line
 *(.line)

.debug_srcinfo
 *(.debug_srcinfo)

.debug_sfnames
 *(.debug_sfnames)

.debug_aranges  0x00000000      0x1e0
 *(.debug_aranges)
 .debug_aranges
                0x00000000       0x20 Drivers/led.o
 .debug_aranges
                0x00000020       0x20 Drivers/switch.o
 .debug_aranges
                0x00000040       0x20 Drivers/uart.o
 .debug_aranges
                0x00000060       0x20 RTOS_HH.o
 .debug_aranges
                0x00000080       0x20 Source/croutine.o
 .debug_aranges
                0x000000a0       0x20 Source/list.o
 .debug_aranges
                0x000000c0       0x20 Source/portable/GCC/ATMega323/port.o
 .debug_aranges
                0x000000e0       0x20 Source/portable/MemMang/heap_1.o
 .debug_aranges
                0x00000100       0x20 Source/queue.o
 .debug_aranges
                0x00000120       0x20 Source/tasks.o
 .debug_aranges
                0x00000140       0x20 c:/program files/atmel/atmel studio 6.0/extensions/atmel/avrgcc/3.4.1.95/avrtoolchain/bin/../lib/gcc/avr/4.6.2/avr5\libgcc.a(_udivmodsi4.o)
 .debug_aranges
                0x00000160       0x20 c:/program files/atmel/atmel studio 6.0/extensions/atmel/avrgcc/3.4.1.95/avrtoolchain/bin/../lib/gcc/avr/4.6.2/avr5\libgcc.a(_exit.o)
 .debug_aranges
                0x00000180       0x20 c:/program files/atmel/atmel studio 6.0/extensions/atmel/avrgcc/3.4.1.95/avrtoolchain/bin/../lib/gcc/avr/4.6.2/avr5\libgcc.a(_copy_data.o)
 .debug_aranges
                0x000001a0       0x20 c:/program files/atmel/atmel studio 6.0/extensions/atmel/avrgcc/3.4.1.95/avrtoolchain/bin/../lib/gcc/avr/4.6.2/avr5\libgcc.a(_clear_bss.o)
 .debug_aranges
                0x000001c0       0x20 c:/program files/atmel/atmel studio 6.0/extensions/atmel/avrgcc/3.4.1.95/avrtoolchain/bin/../lib/gcc/avr/4.6.2/avr5\libgcc.a(_udivmodhi4.o)

.debug_pubnames
 *(.debug_pubnames)

.debug_info     0x00000000     0x2666
 *(.debug_info)
 .debug_info    0x00000000      0x146 Drivers/led.o
 .debug_info    0x00000146       0xcd Drivers/switch.o
 .debug_info    0x00000213      0x17d Drivers/uart.o
 .debug_info    0x00000390      0x100 RTOS_HH.o
 .debug_info    0x00000490      0x51c Source/croutine.o
 .debug_info    0x000009ac      0x2a7 Source/list.o
 .debug_info    0x00000c53      0x1de Source/portable/GCC/ATMega323/port.o
 .debug_info    0x00000e31      0x16a Source/portable/MemMang/heap_1.o
 .debug_info    0x00000f9b      0x78e Source/queue.o
 .debug_info    0x00001729      0xa80 Source/tasks.o
 .debug_info    0x000021a9       0x6c Source/timers.o
 .debug_info    0x00002215       0xdd c:/program files/atmel/atmel studio 6.0/extensions/atmel/avrgcc/3.4.1.95/avrtoolchain/bin/../lib/gcc/avr/4.6.2/avr5\libgcc.a(_udivmodsi4.o)
 .debug_info    0x000022f2       0xdd c:/program files/atmel/atmel studio 6.0/extensions/atmel/avrgcc/3.4.1.95/avrtoolchain/bin/../lib/gcc/avr/4.6.2/avr5\libgcc.a(_exit.o)
 .debug_info    0x000023cf       0xdd c:/program files/atmel/atmel studio 6.0/extensions/atmel/avrgcc/3.4.1.95/avrtoolchain/bin/../lib/gcc/avr/4.6.2/avr5\libgcc.a(_copy_data.o)
 .debug_info    0x000024ac       0xdd c:/program files/atmel/atmel studio 6.0/extensions/atmel/avrgcc/3.4.1.95/avrtoolchain/bin/../lib/gcc/avr/4.6.2/avr5\libgcc.a(_clear_bss.o)
 .debug_info    0x00002589       0xdd c:/program files/atmel/atmel studio 6.0/extensions/atmel/avrgcc/3.4.1.95/avrtoolchain/bin/../lib/gcc/avr/4.6.2/avr5\libgcc.a(_udivmodhi4.o)
 *(.gnu.linkonce.wi.*)

.debug_abbrev   0x00000000      0xbeb
 *(.debug_abbrev)
 .debug_abbrev  0x00000000       0xa1 Drivers/led.o
 .debug_abbrev  0x000000a1       0x94 Drivers/switch.o
 .debug_abbrev  0x00000135       0xde Drivers/uart.o
 .debug_abbrev  0x00000213       0x8a RTOS_HH.o
 .debug_abbrev  0x0000029d      0x1dc Source/croutine.o
 .debug_abbrev  0x00000479       0xeb Source/list.o
 .debug_abbrev  0x00000564      0x113 Source/portable/GCC/ATMega323/port.o
 .debug_abbrev  0x00000677      0x10b Source/portable/MemMang/heap_1.o
 .debug_abbrev  0x00000782      0x180 Source/queue.o
 .debug_abbrev  0x00000902      0x25b Source/tasks.o
 .debug_abbrev  0x00000b5d       0x2a Source/timers.o
 .debug_abbrev  0x00000b87       0x14 c:/program files/atmel/atmel studio 6.0/extensions/atmel/avrgcc/3.4.1.95/avrtoolchain/bin/../lib/gcc/avr/4.6.2/avr5\libgcc.a(_udivmodsi4.o)
 .debug_abbrev  0x00000b9b       0x14 c:/program files/atmel/atmel studio 6.0/extensions/atmel/avrgcc/3.4.1.95/avrtoolchain/bin/../lib/gcc/avr/4.6.2/avr5\libgcc.a(_exit.o)
 .debug_abbrev  0x00000baf       0x14 c:/program files/atmel/atmel studio 6.0/extensions/atmel/avrgcc/3.4.1.95/avrtoolchain/bin/../lib/gcc/avr/4.6.2/avr5\libgcc.a(_copy_data.o)
 .debug_abbrev  0x00000bc3       0x14 c:/program files/atmel/atmel studio 6.0/extensions/atmel/avrgcc/3.4.1.95/avrtoolchain/bin/../lib/gcc/avr/4.6.2/avr5\libgcc.a(_clear_bss.o)
 .debug_abbrev  0x00000bd7       0x14 c:/program files/atmel/atmel studio 6.0/extensions/atmel/avrgcc/3.4.1.95/avrtoolchain/bin/../lib/gcc/avr/4.6.2/avr5\libgcc.a(_udivmodhi4.o)

.debug_line     0x00000000     0x1005
 *(.debug_line)
 .debug_line    0x00000000       0xe5 Drivers/led.o
 .debug_line    0x000000e5       0xdf Drivers/switch.o
 .debug_line    0x000001c4      0x102 Drivers/uart.o
 .debug_line    0x000002c6       0x8b RTOS_HH.o
 .debug_line    0x00000351      0x130 Source/croutine.o
 .debug_line    0x00000481       0xbc Source/list.o
 .debug_line    0x0000053d      0x173 Source/portable/GCC/ATMega323/port.o
 .debug_line    0x000006b0       0xf2 Source/portable/MemMang/heap_1.o
 .debug_line    0x000007a2      0x250 Source/queue.o
 .debug_line    0x000009f2      0x310 Source/tasks.o
 .debug_line    0x00000d02       0x1a Source/timers.o
 .debug_line    0x00000d1c       0xa8 c:/program files/atmel/atmel studio 6.0/extensions/atmel/avrgcc/3.4.1.95/avrtoolchain/bin/../lib/gcc/avr/4.6.2/avr5\libgcc.a(_udivmodsi4.o)
 .debug_line    0x00000dc4       0x88 c:/program files/atmel/atmel studio 6.0/extensions/atmel/avrgcc/3.4.1.95/avrtoolchain/bin/../lib/gcc/avr/4.6.2/avr5\libgcc.a(_exit.o)
 .debug_line    0x00000e4c       0x91 c:/program files/atmel/atmel studio 6.0/extensions/atmel/avrgcc/3.4.1.95/avrtoolchain/bin/../lib/gcc/avr/4.6.2/avr5\libgcc.a(_copy_data.o)
 .debug_line    0x00000edd       0x8e c:/program files/atmel/atmel studio 6.0/extensions/atmel/avrgcc/3.4.1.95/avrtoolchain/bin/../lib/gcc/avr/4.6.2/avr5\libgcc.a(_clear_bss.o)
 .debug_line    0x00000f6b       0x9a c:/program files/atmel/atmel studio 6.0/extensions/atmel/avrgcc/3.4.1.95/avrtoolchain/bin/../lib/gcc/avr/4.6.2/avr5\libgcc.a(_udivmodhi4.o)

.debug_frame    0x00000000      0x818
 *(.debug_frame)
 .debug_frame   0x00000000       0x64 Drivers/led.o
 .debug_frame   0x00000064       0x44 Drivers/switch.o
 .debug_frame   0x000000a8       0x9c Drivers/uart.o
 .debug_frame   0x00000144       0x64 RTOS_HH.o
 .debug_frame   0x000001a8       0xd8 Source/croutine.o
 .debug_frame   0x00000280       0x7c Source/list.o
 .debug_frame   0x000002fc       0x74 Source/portable/GCC/ATMega323/port.o
 .debug_frame   0x00000370       0x68 Source/portable/MemMang/heap_1.o
 .debug_frame   0x000003d8      0x1f8 Source/queue.o
 .debug_frame   0x000005d0      0x248 Source/tasks.o

.debug_str      0x00000000      0xef1
 *(.debug_str)
 .debug_str     0x00000000       0xe1 Drivers/led.o
                                0x115 (size before relaxing)
 .debug_str     0x000000e1       0x43 Drivers/switch.o
                                0x100 (size before relaxing)
 .debug_str     0x00000124       0x6e Drivers/uart.o
                                0x139 (size before relaxing)
 .debug_str     0x00000192       0x6d RTOS_HH.o
                                0x122 (size before relaxing)
 .debug_str     0x000001ff      0x338 Source/croutine.o
                                0x41b (size before relaxing)
 .debug_str     0x00000537       0xa4 Source/list.o
                                0x1f7 (size before relaxing)
 .debug_str     0x000005db       0xf2 Source/portable/GCC/ATMega323/port.o
                                0x1dc (size before relaxing)
 .debug_str     0x000006cd       0xb0 Source/portable/MemMang/heap_1.o
                                0x178 (size before relaxing)
 .debug_str     0x0000077d      0x30a Source/queue.o
                                0x495 (size before relaxing)
 .debug_str     0x00000a87      0x457 Source/tasks.o
                                0x6b0 (size before relaxing)
 .debug_str     0x00000ede       0x13 Source/timers.o
                                 0xdb (size before relaxing)

.debug_loc      0x00000000     0x1fcb
 *(.debug_loc)
 .debug_loc     0x00000000       0x90 Drivers/led.o
 .debug_loc     0x00000090       0x39 Drivers/switch.o
 .debug_loc     0x000000c9      0x11d Drivers/uart.o
 .debug_loc     0x000001e6       0xc0 RTOS_HH.o
 .debug_loc     0x000002a6      0x3e0 Source/croutine.o
 .debug_loc     0x00000686      0x17e Source/list.o
 .debug_loc     0x00000804      0x28e Source/portable/GCC/ATMega323/port.o
 .debug_loc     0x00000a92       0xb1 Source/portable/MemMang/heap_1.o
 .debug_loc     0x00000b43      0x968 Source/queue.o
 .debug_loc     0x000014ab      0xb20 Source/tasks.o

.debug_macinfo
 *(.debug_macinfo)
OUTPUT(RTOS_HH.elf elf32-avr)
LOAD linker stubs

.debug_ranges   0x00000000       0x90
 .debug_ranges  0x00000000       0x18 Source/croutine.o
 .debug_ranges  0x00000018       0x78 Source/tasks.o
