Archive member included to satisfy reference by file (symbol)

d:/program files (x86)/atmel/studio/7.0/toolchain/avr8/avr8-gnu-toolchain/bin/../lib/gcc/avr/4.9.2/avr5\libgcc.a(_udivmodsi4.o)
                              Drivers/uart.o (__udivmodsi4)
d:/program files (x86)/atmel/studio/7.0/toolchain/avr8/avr8-gnu-toolchain/bin/../lib/gcc/avr/4.9.2/avr5\libgcc.a(_exit.o)
                              D:/Program Files (x86)/Atmel/Studio/7.0/Packs/atmel/ATmega_DFP/1.1.130/gcc/dev/atmega32/avr5/crtatmega32.o (exit)
d:/program files (x86)/atmel/studio/7.0/toolchain/avr8/avr8-gnu-toolchain/bin/../lib/gcc/avr/4.9.2/avr5\libgcc.a(_copy_data.o)
                              RTOS_HH.o (__do_copy_data)
d:/program files (x86)/atmel/studio/7.0/toolchain/avr8/avr8-gnu-toolchain/bin/../lib/gcc/avr/4.9.2/avr5\libgcc.a(_clear_bss.o)
                              RTOS_HH.o (__do_clear_bss)
d:/program files (x86)/atmel/studio/7.0/toolchain/avr8/avr8-gnu-toolchain/bin/../lib/gcc/avr/4.9.2/../../../../avr/lib/avr5\libc.a(memcpy.o)
                              Source/queue.o (memcpy)
d:/program files (x86)/atmel/studio/7.0/toolchain/avr8/avr8-gnu-toolchain/bin/../lib/gcc/avr/4.9.2/../../../../avr/lib/avr5\libc.a(memset.o)
                              Source/tasks.o (memset)
d:/program files (x86)/atmel/studio/7.0/toolchain/avr8/avr8-gnu-toolchain/bin/../lib/gcc/avr/4.9.2/../../../../avr/lib/avr5\libc.a(strncpy.o)
                              Source/tasks.o (strncpy)
d:/program files (x86)/atmel/studio/7.0/toolchain/avr8/avr8-gnu-toolchain/bin/../lib/gcc/avr/4.9.2/../../../../avr/lib/avr5\libc.a(itoa_ncheck.o)
                              Drivers/uart.o (__itoa_ncheck)
d:/program files (x86)/atmel/studio/7.0/toolchain/avr8/avr8-gnu-toolchain/bin/../lib/gcc/avr/4.9.2/../../../../avr/lib/avr5\libc.a(utoa_ncheck.o)
                              d:/program files (x86)/atmel/studio/7.0/toolchain/avr8/avr8-gnu-toolchain/bin/../lib/gcc/avr/4.9.2/../../../../avr/lib/avr5\libc.a(itoa_ncheck.o) (__utoa_common)
d:/program files (x86)/atmel/studio/7.0/toolchain/avr8/avr8-gnu-toolchain/bin/../lib/gcc/avr/4.9.2/../../../../avr/lib/avr5\libc.a(strrev.o)
                              d:/program files (x86)/atmel/studio/7.0/toolchain/avr8/avr8-gnu-toolchain/bin/../lib/gcc/avr/4.9.2/../../../../avr/lib/avr5\libc.a(utoa_ncheck.o) (strrev)

Discarded input sections

 .data          0x00000000        0x0 D:/Program Files (x86)/Atmel/Studio/7.0/Packs/atmel/ATmega_DFP/1.1.130/gcc/dev/atmega32/avr5/crtatmega32.o
 .bss           0x00000000        0x0 D:/Program Files (x86)/Atmel/Studio/7.0/Packs/atmel/ATmega_DFP/1.1.130/gcc/dev/atmega32/avr5/crtatmega32.o
 .text          0x00000000        0x0 Drivers/led.o
 .data          0x00000000        0x0 Drivers/led.o
 .bss           0x00000000        0x0 Drivers/led.o
 .text.turnOnLED
                0x00000000       0x20 Drivers/led.o
 .text.turnOffLED
                0x00000000       0x1e Drivers/led.o
 .text.toggleLED
                0x00000000       0x1e Drivers/led.o
 .text          0x00000000        0x0 Drivers/switch.o
 .data          0x00000000        0x0 Drivers/switch.o
 .bss           0x00000000        0x0 Drivers/switch.o
 .text          0x00000000        0x0 Drivers/uart.o
 .data          0x00000000        0x0 Drivers/uart.o
 .bss           0x00000000        0x0 Drivers/uart.o
 .text.CharReady
                0x00000000        0x6 Drivers/uart.o
 .text.ReadChar
                0x00000000        0x8 Drivers/uart.o
 .text.SendChar
                0x00000000        0x8 Drivers/uart.o
 .text.SendString
                0x00000000       0x1e Drivers/uart.o
 .text.SendInteger
                0x00000000       0x3a Drivers/uart.o
 .text          0x00000000        0x0 RTOS_HH.o
 .data          0x00000000        0x0 RTOS_HH.o
 .bss           0x00000000        0x0 RTOS_HH.o
 .text          0x00000000        0x0 Source/croutine.o
 .data          0x00000000        0x0 Source/croutine.o
 .bss           0x00000000        0x0 Source/croutine.o
 .text.xCoRoutineCreate
                0x00000000       0xf0 Source/croutine.o
 .text.vCoRoutineAddToDelayedList
                0x00000000       0x86 Source/croutine.o
 .text.vCoRoutineSchedule
                0x00000000      0x27a Source/croutine.o
 .text.xCoRoutineRemoveFromEventList
                0x00000000       0x4a Source/croutine.o
 .bss.xPassedTicks
                0x00000000        0x2 Source/croutine.o
 .bss.xLastTickCount
                0x00000000        0x2 Source/croutine.o
 .bss.xCoRoutineTickCount
                0x00000000        0x2 Source/croutine.o
 .bss.uxTopCoRoutineReadyPriority
                0x00000000        0x1 Source/croutine.o
 .bss.pxCurrentCoRoutine
                0x00000000        0x2 Source/croutine.o
 .bss.xPendingReadyCoRoutineList
                0x00000000        0x9 Source/croutine.o
 .bss.pxOverflowDelayedCoRoutineList
                0x00000000        0x2 Source/croutine.o
 .bss.pxDelayedCoRoutineList
                0x00000000        0x2 Source/croutine.o
 .bss.xDelayedCoRoutineList2
                0x00000000        0x9 Source/croutine.o
 .bss.xDelayedCoRoutineList1
                0x00000000        0x9 Source/croutine.o
 .bss.pxReadyCoRoutineLists
                0x00000000       0x12 Source/croutine.o
 .debug_info    0x00000000      0x7be Source/croutine.o
 .debug_abbrev  0x00000000      0x25c Source/croutine.o
 .debug_loc     0x00000000      0x3eb Source/croutine.o
 .debug_aranges
                0x00000000       0x38 Source/croutine.o
 .debug_ranges  0x00000000       0x28 Source/croutine.o
 .debug_line    0x00000000      0x34b Source/croutine.o
 .debug_str     0x00000000      0x52b Source/croutine.o
 .comment       0x00000000       0x31 Source/croutine.o
 .debug_frame   0x00000000       0xc0 Source/croutine.o
 .text          0x00000000        0x0 Source/list.o
 .data          0x00000000        0x0 Source/list.o
 .bss           0x00000000        0x0 Source/list.o
 .text          0x00000000        0x0 Source/portable/GCC/ATMega323/port.o
 .data          0x00000000        0x0 Source/portable/GCC/ATMega323/port.o
 .bss           0x00000000        0x0 Source/portable/GCC/ATMega323/port.o
 .text.vPortEndScheduler
                0x00000000        0x2 Source/portable/GCC/ATMega323/port.o
 .text          0x00000000        0x0 Source/portable/MemMang/heap_1.o
 .data          0x00000000        0x0 Source/portable/MemMang/heap_1.o
 .bss           0x00000000        0x0 Source/portable/MemMang/heap_1.o
 .text.vPortInitialiseBlocks
                0x00000000        0xa Source/portable/MemMang/heap_1.o
 .text.xPortGetFreeHeapSize
                0x00000000       0x12 Source/portable/MemMang/heap_1.o
 .text          0x00000000        0x0 Source/queue.o
 .data          0x00000000        0x0 Source/queue.o
 .bss           0x00000000        0x0 Source/queue.o
 .text.xQueueReceiveFromISR
                0x00000000       0x5a Source/queue.o
 .text.uxQueueMessagesWaiting
                0x00000000       0x10 Source/queue.o
 .text.uxQueueMessagesWaitingFromISR
                0x00000000        0x6 Source/queue.o
 .text.vQueueDelete
                0x00000000       0x1a Source/queue.o
 .text.xQueueIsQueueEmptyFromISR
                0x00000000        0xc Source/queue.o
 .text.xQueueIsQueueFullFromISR
                0x00000000        0xe Source/queue.o
 .text          0x00000000        0x0 Source/tasks.o
 .data          0x00000000        0x0 Source/tasks.o
 .bss           0x00000000        0x0 Source/tasks.o
 .text.vTaskEndScheduler
                0x00000000        0xc Source/tasks.o
 .text.xTaskGetTickCount
                0x00000000       0x14 Source/tasks.o
 .text.xTaskGetTickCountFromISR
                0x00000000        0xa Source/tasks.o
 .text.uxTaskGetNumberOfTasks
                0x00000000        0x6 Source/tasks.o
 .text.vTaskDelayUntil
                0x00000000       0x94 Source/tasks.o
 .text          0x00000000        0x0 Source/timers.o
 .data          0x00000000        0x0 Source/timers.o
 .bss           0x00000000        0x0 Source/timers.o
 .debug_info    0x00000000       0x6b Source/timers.o
 .debug_abbrev  0x00000000       0x26 Source/timers.o
 .debug_aranges
                0x00000000       0x18 Source/timers.o
 .debug_line    0x00000000       0x1a Source/timers.o
 .debug_str     0x00000000      0x17a Source/timers.o
 .comment       0x00000000       0x31 Source/timers.o
 .text          0x00000000        0x0 d:/program files (x86)/atmel/studio/7.0/toolchain/avr8/avr8-gnu-toolchain/bin/../lib/gcc/avr/4.9.2/avr5\libgcc.a(_udivmodsi4.o)
 .data          0x00000000        0x0 d:/program files (x86)/atmel/studio/7.0/toolchain/avr8/avr8-gnu-toolchain/bin/../lib/gcc/avr/4.9.2/avr5\libgcc.a(_udivmodsi4.o)
 .bss           0x00000000        0x0 d:/program files (x86)/atmel/studio/7.0/toolchain/avr8/avr8-gnu-toolchain/bin/../lib/gcc/avr/4.9.2/avr5\libgcc.a(_udivmodsi4.o)
 .text.libgcc.mul
                0x00000000        0x0 d:/program files (x86)/atmel/studio/7.0/toolchain/avr8/avr8-gnu-toolchain/bin/../lib/gcc/avr/4.9.2/avr5\libgcc.a(_udivmodsi4.o)
 .text.libgcc   0x00000000        0x0 d:/program files (x86)/atmel/studio/7.0/toolchain/avr8/avr8-gnu-toolchain/bin/../lib/gcc/avr/4.9.2/avr5\libgcc.a(_udivmodsi4.o)
 .text.libgcc.prologue
                0x00000000        0x0 d:/program files (x86)/atmel/studio/7.0/toolchain/avr8/avr8-gnu-toolchain/bin/../lib/gcc/avr/4.9.2/avr5\libgcc.a(_udivmodsi4.o)
 .text.libgcc.builtins
                0x00000000        0x0 d:/program files (x86)/atmel/studio/7.0/toolchain/avr8/avr8-gnu-toolchain/bin/../lib/gcc/avr/4.9.2/avr5\libgcc.a(_udivmodsi4.o)
 .text.libgcc.fmul
                0x00000000        0x0 d:/program files (x86)/atmel/studio/7.0/toolchain/avr8/avr8-gnu-toolchain/bin/../lib/gcc/avr/4.9.2/avr5\libgcc.a(_udivmodsi4.o)
 .text.libgcc.fixed
                0x00000000        0x0 d:/program files (x86)/atmel/studio/7.0/toolchain/avr8/avr8-gnu-toolchain/bin/../lib/gcc/avr/4.9.2/avr5\libgcc.a(_udivmodsi4.o)
 .text          0x00000000        0x0 d:/program files (x86)/atmel/studio/7.0/toolchain/avr8/avr8-gnu-toolchain/bin/../lib/gcc/avr/4.9.2/avr5\libgcc.a(_exit.o)
 .data          0x00000000        0x0 d:/program files (x86)/atmel/studio/7.0/toolchain/avr8/avr8-gnu-toolchain/bin/../lib/gcc/avr/4.9.2/avr5\libgcc.a(_exit.o)
 .bss           0x00000000        0x0 d:/program files (x86)/atmel/studio/7.0/toolchain/avr8/avr8-gnu-toolchain/bin/../lib/gcc/avr/4.9.2/avr5\libgcc.a(_exit.o)
 .text.libgcc.mul
                0x00000000        0x0 d:/program files (x86)/atmel/studio/7.0/toolchain/avr8/avr8-gnu-toolchain/bin/../lib/gcc/avr/4.9.2/avr5\libgcc.a(_exit.o)
 .text.libgcc.div
                0x00000000        0x0 d:/program files (x86)/atmel/studio/7.0/toolchain/avr8/avr8-gnu-toolchain/bin/../lib/gcc/avr/4.9.2/avr5\libgcc.a(_exit.o)
 .text.libgcc   0x00000000        0x0 d:/program files (x86)/atmel/studio/7.0/toolchain/avr8/avr8-gnu-toolchain/bin/../lib/gcc/avr/4.9.2/avr5\libgcc.a(_exit.o)
 .text.libgcc.prologue
                0x00000000        0x0 d:/program files (x86)/atmel/studio/7.0/toolchain/avr8/avr8-gnu-toolchain/bin/../lib/gcc/avr/4.9.2/avr5\libgcc.a(_exit.o)
 .text.libgcc.builtins
                0x00000000        0x0 d:/program files (x86)/atmel/studio/7.0/toolchain/avr8/avr8-gnu-toolchain/bin/../lib/gcc/avr/4.9.2/avr5\libgcc.a(_exit.o)
 .text.libgcc.fmul
                0x00000000        0x0 d:/program files (x86)/atmel/studio/7.0/toolchain/avr8/avr8-gnu-toolchain/bin/../lib/gcc/avr/4.9.2/avr5\libgcc.a(_exit.o)
 .text.libgcc.fixed
                0x00000000        0x0 d:/program files (x86)/atmel/studio/7.0/toolchain/avr8/avr8-gnu-toolchain/bin/../lib/gcc/avr/4.9.2/avr5\libgcc.a(_exit.o)
 .text          0x00000000        0x0 d:/program files (x86)/atmel/studio/7.0/toolchain/avr8/avr8-gnu-toolchain/bin/../lib/gcc/avr/4.9.2/avr5\libgcc.a(_copy_data.o)
 .data          0x00000000        0x0 d:/program files (x86)/atmel/studio/7.0/toolchain/avr8/avr8-gnu-toolchain/bin/../lib/gcc/avr/4.9.2/avr5\libgcc.a(_copy_data.o)
 .bss           0x00000000        0x0 d:/program files (x86)/atmel/studio/7.0/toolchain/avr8/avr8-gnu-toolchain/bin/../lib/gcc/avr/4.9.2/avr5\libgcc.a(_copy_data.o)
 .text.libgcc.mul
                0x00000000        0x0 d:/program files (x86)/atmel/studio/7.0/toolchain/avr8/avr8-gnu-toolchain/bin/../lib/gcc/avr/4.9.2/avr5\libgcc.a(_copy_data.o)
 .text.libgcc.div
                0x00000000        0x0 d:/program files (x86)/atmel/studio/7.0/toolchain/avr8/avr8-gnu-toolchain/bin/../lib/gcc/avr/4.9.2/avr5\libgcc.a(_copy_data.o)
 .text.libgcc   0x00000000        0x0 d:/program files (x86)/atmel/studio/7.0/toolchain/avr8/avr8-gnu-toolchain/bin/../lib/gcc/avr/4.9.2/avr5\libgcc.a(_copy_data.o)
 .text.libgcc.prologue
                0x00000000        0x0 d:/program files (x86)/atmel/studio/7.0/toolchain/avr8/avr8-gnu-toolchain/bin/../lib/gcc/avr/4.9.2/avr5\libgcc.a(_copy_data.o)
 .text.libgcc.builtins
                0x00000000        0x0 d:/program files (x86)/atmel/studio/7.0/toolchain/avr8/avr8-gnu-toolchain/bin/../lib/gcc/avr/4.9.2/avr5\libgcc.a(_copy_data.o)
 .text.libgcc.fmul
                0x00000000        0x0 d:/program files (x86)/atmel/studio/7.0/toolchain/avr8/avr8-gnu-toolchain/bin/../lib/gcc/avr/4.9.2/avr5\libgcc.a(_copy_data.o)
 .text.libgcc.fixed
                0x00000000        0x0 d:/program files (x86)/atmel/studio/7.0/toolchain/avr8/avr8-gnu-toolchain/bin/../lib/gcc/avr/4.9.2/avr5\libgcc.a(_copy_data.o)
 .text          0x00000000        0x0 d:/program files (x86)/atmel/studio/7.0/toolchain/avr8/avr8-gnu-toolchain/bin/../lib/gcc/avr/4.9.2/avr5\libgcc.a(_clear_bss.o)
 .data          0x00000000        0x0 d:/program files (x86)/atmel/studio/7.0/toolchain/avr8/avr8-gnu-toolchain/bin/../lib/gcc/avr/4.9.2/avr5\libgcc.a(_clear_bss.o)
 .bss           0x00000000        0x0 d:/program files (x86)/atmel/studio/7.0/toolchain/avr8/avr8-gnu-toolchain/bin/../lib/gcc/avr/4.9.2/avr5\libgcc.a(_clear_bss.o)
 .text.libgcc.mul
                0x00000000        0x0 d:/program files (x86)/atmel/studio/7.0/toolchain/avr8/avr8-gnu-toolchain/bin/../lib/gcc/avr/4.9.2/avr5\libgcc.a(_clear_bss.o)
 .text.libgcc.div
                0x00000000        0x0 d:/program files (x86)/atmel/studio/7.0/toolchain/avr8/avr8-gnu-toolchain/bin/../lib/gcc/avr/4.9.2/avr5\libgcc.a(_clear_bss.o)
 .text.libgcc   0x00000000        0x0 d:/program files (x86)/atmel/studio/7.0/toolchain/avr8/avr8-gnu-toolchain/bin/../lib/gcc/avr/4.9.2/avr5\libgcc.a(_clear_bss.o)
 .text.libgcc.prologue
                0x00000000        0x0 d:/program files (x86)/atmel/studio/7.0/toolchain/avr8/avr8-gnu-toolchain/bin/../lib/gcc/avr/4.9.2/avr5\libgcc.a(_clear_bss.o)
 .text.libgcc.builtins
                0x00000000        0x0 d:/program files (x86)/atmel/studio/7.0/toolchain/avr8/avr8-gnu-toolchain/bin/../lib/gcc/avr/4.9.2/avr5\libgcc.a(_clear_bss.o)
 .text.libgcc.fmul
                0x00000000        0x0 d:/program files (x86)/atmel/studio/7.0/toolchain/avr8/avr8-gnu-toolchain/bin/../lib/gcc/avr/4.9.2/avr5\libgcc.a(_clear_bss.o)
 .text.libgcc.fixed
                0x00000000        0x0 d:/program files (x86)/atmel/studio/7.0/toolchain/avr8/avr8-gnu-toolchain/bin/../lib/gcc/avr/4.9.2/avr5\libgcc.a(_clear_bss.o)
 .text          0x00000000        0x0 d:/program files (x86)/atmel/studio/7.0/toolchain/avr8/avr8-gnu-toolchain/bin/../lib/gcc/avr/4.9.2/../../../../avr/lib/avr5\libc.a(memcpy.o)
 .data          0x00000000        0x0 d:/program files (x86)/atmel/studio/7.0/toolchain/avr8/avr8-gnu-toolchain/bin/../lib/gcc/avr/4.9.2/../../../../avr/lib/avr5\libc.a(memcpy.o)
 .bss           0x00000000        0x0 d:/program files (x86)/atmel/studio/7.0/toolchain/avr8/avr8-gnu-toolchain/bin/../lib/gcc/avr/4.9.2/../../../../avr/lib/avr5\libc.a(memcpy.o)
 .text          0x00000000        0x0 d:/program files (x86)/atmel/studio/7.0/toolchain/avr8/avr8-gnu-toolchain/bin/../lib/gcc/avr/4.9.2/../../../../avr/lib/avr5\libc.a(memset.o)
 .data          0x00000000        0x0 d:/program files (x86)/atmel/studio/7.0/toolchain/avr8/avr8-gnu-toolchain/bin/../lib/gcc/avr/4.9.2/../../../../avr/lib/avr5\libc.a(memset.o)
 .bss           0x00000000        0x0 d:/program files (x86)/atmel/studio/7.0/toolchain/avr8/avr8-gnu-toolchain/bin/../lib/gcc/avr/4.9.2/../../../../avr/lib/avr5\libc.a(memset.o)
 .text          0x00000000        0x0 d:/program files (x86)/atmel/studio/7.0/toolchain/avr8/avr8-gnu-toolchain/bin/../lib/gcc/avr/4.9.2/../../../../avr/lib/avr5\libc.a(strncpy.o)
 .data          0x00000000        0x0 d:/program files (x86)/atmel/studio/7.0/toolchain/avr8/avr8-gnu-toolchain/bin/../lib/gcc/avr/4.9.2/../../../../avr/lib/avr5\libc.a(strncpy.o)
 .bss           0x00000000        0x0 d:/program files (x86)/atmel/studio/7.0/toolchain/avr8/avr8-gnu-toolchain/bin/../lib/gcc/avr/4.9.2/../../../../avr/lib/avr5\libc.a(strncpy.o)
 .text          0x00000000        0x0 d:/program files (x86)/atmel/studio/7.0/toolchain/avr8/avr8-gnu-toolchain/bin/../lib/gcc/avr/4.9.2/../../../../avr/lib/avr5\libc.a(itoa_ncheck.o)
 .data          0x00000000        0x0 d:/program files (x86)/atmel/studio/7.0/toolchain/avr8/avr8-gnu-toolchain/bin/../lib/gcc/avr/4.9.2/../../../../avr/lib/avr5\libc.a(itoa_ncheck.o)
 .bss           0x00000000        0x0 d:/program files (x86)/atmel/studio/7.0/toolchain/avr8/avr8-gnu-toolchain/bin/../lib/gcc/avr/4.9.2/../../../../avr/lib/avr5\libc.a(itoa_ncheck.o)
 .text.avr-libc
                0x00000000       0x16 d:/program files (x86)/atmel/studio/7.0/toolchain/avr8/avr8-gnu-toolchain/bin/../lib/gcc/avr/4.9.2/../../../../avr/lib/avr5\libc.a(itoa_ncheck.o)
 .text          0x00000000        0x0 d:/program files (x86)/atmel/studio/7.0/toolchain/avr8/avr8-gnu-toolchain/bin/../lib/gcc/avr/4.9.2/../../../../avr/lib/avr5\libc.a(utoa_ncheck.o)
 .data          0x00000000        0x0 d:/program files (x86)/atmel/studio/7.0/toolchain/avr8/avr8-gnu-toolchain/bin/../lib/gcc/avr/4.9.2/../../../../avr/lib/avr5\libc.a(utoa_ncheck.o)
 .bss           0x00000000        0x0 d:/program files (x86)/atmel/studio/7.0/toolchain/avr8/avr8-gnu-toolchain/bin/../lib/gcc/avr/4.9.2/../../../../avr/lib/avr5\libc.a(utoa_ncheck.o)
 .text.avr-libc
                0x00000000       0x34 d:/program files (x86)/atmel/studio/7.0/toolchain/avr8/avr8-gnu-toolchain/bin/../lib/gcc/avr/4.9.2/../../../../avr/lib/avr5\libc.a(utoa_ncheck.o)
 .text          0x00000000        0x0 d:/program files (x86)/atmel/studio/7.0/toolchain/avr8/avr8-gnu-toolchain/bin/../lib/gcc/avr/4.9.2/../../../../avr/lib/avr5\libc.a(strrev.o)
 .data          0x00000000        0x0 d:/program files (x86)/atmel/studio/7.0/toolchain/avr8/avr8-gnu-toolchain/bin/../lib/gcc/avr/4.9.2/../../../../avr/lib/avr5\libc.a(strrev.o)
 .bss           0x00000000        0x0 d:/program files (x86)/atmel/studio/7.0/toolchain/avr8/avr8-gnu-toolchain/bin/../lib/gcc/avr/4.9.2/../../../../avr/lib/avr5\libc.a(strrev.o)
 .text.avr-libc
                0x00000000       0x20 d:/program files (x86)/atmel/studio/7.0/toolchain/avr8/avr8-gnu-toolchain/bin/../lib/gcc/avr/4.9.2/../../../../avr/lib/avr5\libc.a(strrev.o)

Memory Configuration

Name             Origin             Length             Attributes
text             0x00000000         0x00020000         xr
data             0x00800060         0x0000ffa0         rw !x
eeprom           0x00810000         0x00010000         rw !x
fuse             0x00820000         0x00000002         rw !x
lock             0x00830000         0x00000400         rw !x
signature        0x00840000         0x00000400         rw !x
user_signatures  0x00850000         0x00000400         rw !x
*default*        0x00000000         0xffffffff

Linker script and memory map

LOAD D:/Program Files (x86)/Atmel/Studio/7.0/Packs/atmel/ATmega_DFP/1.1.130/gcc/dev/atmega32/avr5/crtatmega32.o
LOAD Drivers/led.o
LOAD Drivers/switch.o
LOAD Drivers/uart.o
LOAD RTOS_HH.o
LOAD Source/croutine.o
LOAD Source/list.o
LOAD Source/portable/GCC/ATMega323/port.o
LOAD Source/portable/MemMang/heap_1.o
LOAD Source/queue.o
LOAD Source/tasks.o
LOAD Source/timers.o
START GROUP
LOAD d:/program files (x86)/atmel/studio/7.0/toolchain/avr8/avr8-gnu-toolchain/bin/../lib/gcc/avr/4.9.2/../../../../avr/lib/avr5\libm.a
END GROUP
START GROUP
LOAD d:/program files (x86)/atmel/studio/7.0/toolchain/avr8/avr8-gnu-toolchain/bin/../lib/gcc/avr/4.9.2/avr5\libgcc.a
LOAD d:/program files (x86)/atmel/studio/7.0/toolchain/avr8/avr8-gnu-toolchain/bin/../lib/gcc/avr/4.9.2/../../../../avr/lib/avr5\libm.a
LOAD d:/program files (x86)/atmel/studio/7.0/toolchain/avr8/avr8-gnu-toolchain/bin/../lib/gcc/avr/4.9.2/../../../../avr/lib/avr5\libc.a
LOAD D:/Program Files (x86)/Atmel/Studio/7.0/Packs/atmel/ATmega_DFP/1.1.130/gcc/dev/atmega32/avr5\libatmega32.a
END GROUP
                0x00020000                __TEXT_REGION_LENGTH__ = DEFINED (__TEXT_REGION_LENGTH__)?__TEXT_REGION_LENGTH__:0x20000
                0x0000ffa0                __DATA_REGION_LENGTH__ = DEFINED (__DATA_REGION_LENGTH__)?__DATA_REGION_LENGTH__:0xffa0
                0x00010000                __EEPROM_REGION_LENGTH__ = DEFINED (__EEPROM_REGION_LENGTH__)?__EEPROM_REGION_LENGTH__:0x10000
                [0x00000002]                __FUSE_REGION_LENGTH__ = DEFINED (__FUSE_REGION_LENGTH__)?__FUSE_REGION_LENGTH__:0x400
                0x00000400                __LOCK_REGION_LENGTH__ = DEFINED (__LOCK_REGION_LENGTH__)?__LOCK_REGION_LENGTH__:0x400
                0x00000400                __SIGNATURE_REGION_LENGTH__ = DEFINED (__SIGNATURE_REGION_LENGTH__)?__SIGNATURE_REGION_LENGTH__:0x400
                0x00000400                __USER_SIGNATURE_REGION_LENGTH__ = DEFINED (__USER_SIGNATURE_REGION_LENGTH__)?__USER_SIGNATURE_REGION_LENGTH__:0x400

.hash
 *(.hash)

.dynsym
 *(.dynsym)

.dynstr
 *(.dynstr)

.gnu.version
 *(.gnu.version)

.gnu.version_d
 *(.gnu.version_d)

.gnu.version_r
 *(.gnu.version_r)

.rel.init
 *(.rel.init)

.rela.init
 *(.rela.init)

.rel.text
 *(.rel.text)
 *(.rel.text.*)
 *(.rel.gnu.linkonce.t*)

.rela.text
 *(.rela.text)
 *(.rela.text.*)
 *(.rela.gnu.linkonce.t*)

.rel.fini
 *(.rel.fini)

.rela.fini
 *(.rela.fini)

.rel.rodata
 *(.rel.rodata)
 *(.rel.rodata.*)
 *(.rel.gnu.linkonce.r*)

.rela.rodata
 *(.rela.rodata)
 *(.rela.rodata.*)
 *(.rela.gnu.linkonce.r*)

.rel.data
 *(.rel.data)
 *(.rel.data.*)
 *(.rel.gnu.linkonce.d*)

.rela.data
 *(.rela.data)
 *(.rela.data.*)
 *(.rela.gnu.linkonce.d*)

.rel.ctors
 *(.rel.ctors)

.rela.ctors
 *(.rela.ctors)

.rel.dtors
 *(.rel.dtors)

.rela.dtors
 *(.rela.dtors)

.rel.got
 *(.rel.got)

.rela.got
 *(.rela.got)

.rel.bss
 *(.rel.bss)

.rela.bss
 *(.rela.bss)

.rel.plt
 *(.rel.plt)

.rela.plt
 *(.rela.plt)

.text           0x00000000     0x1502
 *(.vectors)
 .vectors       0x00000000       0x54 D:/Program Files (x86)/Atmel/Studio/7.0/Packs/atmel/ATmega_DFP/1.1.130/gcc/dev/atmega32/avr5/crtatmega32.o
                0x00000000                __vector_default
                0x00000000                __vectors
 *(.vectors)
 *(.progmem.gcc*)
                0x00000054                . = ALIGN (0x2)
                0x00000054                __trampolines_start = .
 *(.trampolines)
 .trampolines   0x00000054        0x0 linker stubs
 *(.trampolines*)
                0x00000054                __trampolines_end = .
 *libprintf_flt.a:*(.progmem.data)
 *libc.a:*(.progmem.data)
 *(.progmem*)
                0x00000054                . = ALIGN (0x2)
 *(.jumptables)
 *(.jumptables*)
 *(.lowtext)
 *(.lowtext*)
                0x00000054                __ctors_start = .
 *(.ctors)
                0x00000054                __ctors_end = .
                0x00000054                __dtors_start = .
 *(.dtors)
                0x00000054                __dtors_end = .
 SORT(*)(.ctors)
 SORT(*)(.dtors)
 *(.init0)
 .init0         0x00000054        0x0 D:/Program Files (x86)/Atmel/Studio/7.0/Packs/atmel/ATmega_DFP/1.1.130/gcc/dev/atmega32/avr5/crtatmega32.o
                0x00000054                __init
 *(.init0)
 *(.init1)
 *(.init1)
 *(.init2)
 .init2         0x00000054        0xc D:/Program Files (x86)/Atmel/Studio/7.0/Packs/atmel/ATmega_DFP/1.1.130/gcc/dev/atmega32/avr5/crtatmega32.o
 *(.init2)
 *(.init3)
 *(.init3)
 *(.init4)
 .init4         0x00000060       0x16 d:/program files (x86)/atmel/studio/7.0/toolchain/avr8/avr8-gnu-toolchain/bin/../lib/gcc/avr/4.9.2/avr5\libgcc.a(_copy_data.o)
                0x00000060                __do_copy_data
 .init4         0x00000076       0x10 d:/program files (x86)/atmel/studio/7.0/toolchain/avr8/avr8-gnu-toolchain/bin/../lib/gcc/avr/4.9.2/avr5\libgcc.a(_clear_bss.o)
                0x00000076                __do_clear_bss
 *(.init4)
 *(.init5)
 *(.init5)
 *(.init6)
 *(.init6)
 *(.init7)
 *(.init7)
 *(.init8)
 *(.init8)
 *(.init9)
 .init9         0x00000086        0x8 D:/Program Files (x86)/Atmel/Studio/7.0/Packs/atmel/ATmega_DFP/1.1.130/gcc/dev/atmega32/avr5/crtatmega32.o
 *(.init9)
 *(.text)
 .text          0x0000008e        0x4 D:/Program Files (x86)/Atmel/Studio/7.0/Packs/atmel/ATmega_DFP/1.1.130/gcc/dev/atmega32/avr5/crtatmega32.o
                0x0000008e                __vector_12
                0x0000008e                __bad_interrupt
                0x0000008e                __vector_6
                0x0000008e                __vector_3
                0x0000008e                __vector_11
                0x0000008e                __vector_13
                0x0000008e                __vector_17
                0x0000008e                __vector_19
                0x0000008e                __vector_5
                0x0000008e                __vector_4
                0x0000008e                __vector_9
                0x0000008e                __vector_2
                0x0000008e                __vector_15
                0x0000008e                __vector_8
                0x0000008e                __vector_14
                0x0000008e                __vector_10
                0x0000008e                __vector_16
                0x0000008e                __vector_18
                0x0000008e                __vector_20
                0x00000092                . = ALIGN (0x2)
 *(.text.*)
 .text.initLEDport
                0x00000092        0x8 Drivers/led.o
                0x00000092                initLEDport
 .text.writeAllLEDs
                0x0000009a        0x6 Drivers/led.o
                0x0000009a                writeAllLEDs
 .text.initSwitchPort
                0x000000a0        0x4 Drivers/switch.o
                0x000000a0                initSwitchPort
 .text.switchStatus
                0x000000a4        0x6 Drivers/switch.o
                0x000000a4                switchStatus
 .text.switchOn
                0x000000aa       0x20 Drivers/switch.o
                0x000000aa                switchOn
 .text.InitUART
                0x000000ca       0x7a Drivers/uart.o
                0x000000ca                InitUART
 .text.EnterBoot
                0x00000144       0x16 RTOS_HH.o
                0x00000144                EnterBoot
 .text.decement
                0x0000015a       0x78 RTOS_HH.o
                0x0000015a                decement
 .text.increment
                0x000001d2       0x78 RTOS_HH.o
                0x000001d2                increment
 .text.LEDDisplay
                0x0000024a       0x36 RTOS_HH.o
                0x0000024a                LEDDisplay
 .text.__vector_1
                0x00000280       0x72 RTOS_HH.o
                0x00000280                __vector_1
 .text.main     0x000002f2       0xce RTOS_HH.o
                0x000002f2                main
 .text.vListInitialise
                0x000003c0       0x1c Source/list.o
                0x000003c0                vListInitialise
 .text.vListInitialiseItem
                0x000003dc        0x8 Source/list.o
                0x000003dc                vListInitialiseItem
 .text.vListInsertEnd
                0x000003e4       0x4e Source/list.o
                0x000003e4                vListInsertEnd
 .text.vListInsert
                0x00000432       0x76 Source/list.o
                0x00000432                vListInsert
 .text.vListRemove
                0x000004a8       0x4c Source/list.o
                0x000004a8                vListRemove
 .text.pxPortInitialiseStack
                0x000004f4       0xd8 Source/portable/GCC/ATMega323/port.o
                0x000004f4                pxPortInitialiseStack
 .text.xPortStartScheduler
                0x000005cc       0x6a Source/portable/GCC/ATMega323/port.o
                0x000005cc                xPortStartScheduler
 .text.vPortYield
                0x00000636       0xb2 Source/portable/GCC/ATMega323/port.o
                0x00000636                vPortYield
 .text.vPortYieldFromTick
                0x000006e8       0xb6 Source/portable/GCC/ATMega323/port.o
                0x000006e8                vPortYieldFromTick
 .text.__vector_7
                0x0000079e        0x6 Source/portable/GCC/ATMega323/port.o
                0x0000079e                __vector_7
 .text.pvPortMalloc
                0x000007a4       0x4c Source/portable/MemMang/heap_1.o
                0x000007a4                pvPortMalloc
 .text.vPortFree
                0x000007f0        0x2 Source/portable/MemMang/heap_1.o
                0x000007f0                vPortFree
 .text.prvCopyDataToQueue
                0x000007f2       0x82 Source/queue.o
 .text.prvCopyDataFromQueue
                0x00000874       0x34 Source/queue.o
 .text.prvUnlockQueue
                0x000008a8       0x94 Source/queue.o
 .text.xQueueGenericCreate
                0x0000093c       0xa0 Source/queue.o
                0x0000093c                xQueueGenericCreate
 .text.xQueueGenericSend
                0x000009dc      0x134 Source/queue.o
                0x000009dc                xQueueGenericSend
 .text.xQueueGenericSendFromISR
                0x00000b10       0x58 Source/queue.o
                0x00000b10                xQueueGenericSendFromISR
 .text.xQueueGenericReceive
                0x00000b68      0x158 Source/queue.o
                0x00000b68                xQueueGenericReceive
 .text.prvIdleTask
                0x00000cc0       0x10 Source/tasks.o
 .text.prvAddCurrentTaskToDelayedList
                0x00000cd0       0x6e Source/tasks.o
 .text.xTaskGenericCreate
                0x00000d3e      0x1de Source/tasks.o
                0x00000d3e                xTaskGenericCreate
 .text.vTaskStartScheduler
                0x00000f1c       0x56 Source/tasks.o
                0x00000f1c                vTaskStartScheduler
 .text.vTaskSuspendAll
                0x00000f72        0xc Source/tasks.o
                0x00000f72                vTaskSuspendAll
 .text.vTaskIncrementTick
                0x00000f7e      0x188 Source/tasks.o
                0x00000f7e                vTaskIncrementTick
 .text.xTaskResumeAll
                0x00001106      0x10c Source/tasks.o
                0x00001106                xTaskResumeAll
 .text.vTaskDelay
                0x00001212       0x40 Source/tasks.o
                0x00001212                vTaskDelay
 .text.vTaskSwitchContext
                0x00001252       0xd8 Source/tasks.o
                0x00001252                vTaskSwitchContext
 .text.vTaskPlaceOnEventList
                0x0000132a       0x3c Source/tasks.o
                0x0000132a                vTaskPlaceOnEventList
 .text.xTaskRemoveFromEventList
                0x00001366       0x8a Source/tasks.o
                0x00001366                xTaskRemoveFromEventList
 .text.vTaskSetTimeOutState
                0x000013f0       0x16 Source/tasks.o
                0x000013f0                vTaskSetTimeOutState
 .text.xTaskCheckForTimeOut
                0x00001406       0x6e Source/tasks.o
                0x00001406                xTaskCheckForTimeOut
 .text.vTaskMissedYield
                0x00001474        0x8 Source/tasks.o
                0x00001474                vTaskMissedYield
 .text.libgcc.div
                0x0000147c       0x44 d:/program files (x86)/atmel/studio/7.0/toolchain/avr8/avr8-gnu-toolchain/bin/../lib/gcc/avr/4.9.2/avr5\libgcc.a(_udivmodsi4.o)
                0x0000147c                __udivmodsi4
 .text.avr-libc
                0x000014c0       0x12 d:/program files (x86)/atmel/studio/7.0/toolchain/avr8/avr8-gnu-toolchain/bin/../lib/gcc/avr/4.9.2/../../../../avr/lib/avr5\libc.a(memcpy.o)
                0x000014c0                memcpy
 .text.avr-libc
                0x000014d2        0xe d:/program files (x86)/atmel/studio/7.0/toolchain/avr8/avr8-gnu-toolchain/bin/../lib/gcc/avr/4.9.2/../../../../avr/lib/avr5\libc.a(memset.o)
                0x000014d2                memset
 .text.avr-libc
                0x000014e0       0x1e d:/program files (x86)/atmel/studio/7.0/toolchain/avr8/avr8-gnu-toolchain/bin/../lib/gcc/avr/4.9.2/../../../../avr/lib/avr5\libc.a(strncpy.o)
                0x000014e0                strncpy
                0x000014fe                . = ALIGN (0x2)
 *(.fini9)
 .fini9         0x000014fe        0x0 d:/program files (x86)/atmel/studio/7.0/toolchain/avr8/avr8-gnu-toolchain/bin/../lib/gcc/avr/4.9.2/avr5\libgcc.a(_exit.o)
                0x000014fe                _exit
                0x000014fe                exit
 *(.fini9)
 *(.fini8)
 *(.fini8)
 *(.fini7)
 *(.fini7)
 *(.fini6)
 *(.fini6)
 *(.fini5)
 *(.fini5)
 *(.fini4)
 *(.fini4)
 *(.fini3)
 *(.fini3)
 *(.fini2)
 *(.fini2)
 *(.fini1)
 *(.fini1)
 *(.fini0)
 .fini0         0x000014fe        0x4 d:/program files (x86)/atmel/studio/7.0/toolchain/avr8/avr8-gnu-toolchain/bin/../lib/gcc/avr/4.9.2/avr5\libgcc.a(_exit.o)
 *(.fini0)
                0x00001502                _etext = .

.data           0x00800060       0x1c load address 0x00001502
                0x00800060                PROVIDE (__data_start, .)
 *(.data)
 *(.data*)
 .data.xNextTaskUnblockTime
                0x00800060        0x2 Source/tasks.o
 *(.rodata)
 *(.rodata*)
 .rodata.str1.1
                0x00800062       0x15 RTOS_HH.o
 .rodata.str1.1
                0x00800077        0x5 Source/tasks.o
 *(.gnu.linkonce.d*)
                0x0080007c                . = ALIGN (0x2)
                0x0080007c                _edata = .
                0x0080007c                PROVIDE (__data_end, .)

.bss            0x0080007c      0x618
                0x0080007c                PROVIDE (__bss_start, .)
 *(.bss)
 *(.bss*)
 .bss.xQueue1   0x0080007c        0x2 RTOS_HH.o
                0x0080007c                xQueue1
 .bss.count     0x0080007e        0x1 RTOS_HH.o
                0x0080007e                count
 .bss.xSem1     0x0080007f        0x2 RTOS_HH.o
                0x0080007f                xSem1
 .bss.xNextFreeByte
                0x00800081        0x2 Source/portable/MemMang/heap_1.o
 .bss.xHeap     0x00800083      0x5dc Source/portable/MemMang/heap_1.o
 .bss.uxTCBNumber
                0x0080065f        0x1 Source/tasks.o
 .bss.xNumOfOverflows
                0x00800660        0x1 Source/tasks.o
 .bss.xMissedYield
                0x00800661        0x1 Source/tasks.o
 .bss.uxMissedTicks
                0x00800662        0x1 Source/tasks.o
 .bss.uxSchedulerSuspended
                0x00800663        0x1 Source/tasks.o
 .bss.xSchedulerRunning
                0x00800664        0x1 Source/tasks.o
 .bss.uxTopReadyPriority
                0x00800665        0x1 Source/tasks.o
 .bss.uxTopUsedPriority
                0x00800666        0x1 Source/tasks.o
 .bss.xTickCount
                0x00800667        0x2 Source/tasks.o
 .bss.uxCurrentNumberOfTasks
                0x00800669        0x1 Source/tasks.o
 .bss.xPendingReadyList
                0x0080066a        0x9 Source/tasks.o
 .bss.pxOverflowDelayedTaskList
                0x00800673        0x2 Source/tasks.o
 .bss.pxDelayedTaskList
                0x00800675        0x2 Source/tasks.o
 .bss.xDelayedTaskList2
                0x00800677        0x9 Source/tasks.o
 .bss.xDelayedTaskList1
                0x00800680        0x9 Source/tasks.o
 .bss.pxReadyTasksLists
                0x00800689        0x9 Source/tasks.o
 .bss.pxCurrentTCB
                0x00800692        0x2 Source/tasks.o
                0x00800692                pxCurrentTCB
 *(COMMON)
                0x00800694                PROVIDE (__bss_end, .)
                0x00001502                __data_load_start = LOADADDR (.data)
                0x0000151e                __data_load_end = (__data_load_start + SIZEOF (.data))

.noinit         0x00800694        0x0
                [!provide]                PROVIDE (__noinit_start, .)
 *(.noinit*)
                [!provide]                PROVIDE (__noinit_end, .)
                0x00800694                _end = .
                [!provide]                PROVIDE (__heap_start, .)

.eeprom         0x00810000        0x0
 *(.eeprom*)
                0x00810000                __eeprom_end = .

.fuse
 *(.fuse)
 *(.lfuse)
 *(.hfuse)
 *(.efuse)

.lock
 *(.lock*)

.signature
 *(.signature*)

.user_signatures
 *(.user_signatures*)

.stab
 *(.stab)

.stabstr
 *(.stabstr)

.stab.excl
 *(.stab.excl)

.stab.exclstr
 *(.stab.exclstr)

.stab.index
 *(.stab.index)

.stab.indexstr
 *(.stab.indexstr)

.comment        0x00000000       0x30
 *(.comment)
 .comment       0x00000000       0x30 Drivers/led.o
                                 0x31 (size before relaxing)
 .comment       0x00000030       0x31 Drivers/switch.o
 .comment       0x00000030       0x31 Drivers/uart.o
 .comment       0x00000030       0x31 RTOS_HH.o
 .comment       0x00000030       0x31 Source/list.o
 .comment       0x00000030       0x31 Source/portable/GCC/ATMega323/port.o
 .comment       0x00000030       0x31 Source/portable/MemMang/heap_1.o
 .comment       0x00000030       0x31 Source/queue.o
 .comment       0x00000030       0x31 Source/tasks.o

.note.gnu.avr.deviceinfo
                0x00000000       0x3c
 .note.gnu.avr.deviceinfo
                0x00000000       0x3c D:/Program Files (x86)/Atmel/Studio/7.0/Packs/atmel/ATmega_DFP/1.1.130/gcc/dev/atmega32/avr5/crtatmega32.o

.note.gnu.build-id
 *(.note.gnu.build-id)

.debug
 *(.debug)

.line
 *(.line)

.debug_srcinfo
 *(.debug_srcinfo)

.debug_sfnames
 *(.debug_sfnames)

.debug_aranges  0x00000000      0x2f0
 *(.debug_aranges)
 .debug_aranges
                0x00000000       0x40 Drivers/led.o
 .debug_aranges
                0x00000040       0x30 Drivers/switch.o
 .debug_aranges
                0x00000070       0x48 Drivers/uart.o
 .debug_aranges
                0x000000b8       0x48 RTOS_HH.o
 .debug_aranges
                0x00000100       0x40 Source/list.o
 .debug_aranges
                0x00000140       0x48 Source/portable/GCC/ATMega323/port.o
 .debug_aranges
                0x00000188       0x38 Source/portable/MemMang/heap_1.o
 .debug_aranges
                0x000001c0       0x80 Source/queue.o
 .debug_aranges
                0x00000240       0xb0 Source/tasks.o

.debug_pubnames
 *(.debug_pubnames)

.debug_info     0x00000000     0x3519
 *(.debug_info .gnu.linkonce.wi.*)
 .debug_info    0x00000000      0x4e6 D:/Program Files (x86)/Atmel/Studio/7.0/Packs/atmel/ATmega_DFP/1.1.130/gcc/dev/atmega32/avr5/crtatmega32.o
 .debug_info    0x000004e6      0x14b Drivers/led.o
 .debug_info    0x00000631       0xd0 Drivers/switch.o
 .debug_info    0x00000701      0x29b Drivers/uart.o
 .debug_info    0x0000099c      0x864 RTOS_HH.o
 .debug_info    0x00001200      0x2c1 Source/list.o
 .debug_info    0x000014c1      0x238 Source/portable/GCC/ATMega323/port.o
 .debug_info    0x000016f9      0x1a5 Source/portable/MemMang/heap_1.o
 .debug_info    0x0000189e      0xcb4 Source/queue.o
 .debug_info    0x00002552      0xfc7 Source/tasks.o

.debug_abbrev   0x00000000     0x1276
 *(.debug_abbrev)
 .debug_abbrev  0x00000000      0x4a3 D:/Program Files (x86)/Atmel/Studio/7.0/Packs/atmel/ATmega_DFP/1.1.130/gcc/dev/atmega32/avr5/crtatmega32.o
 .debug_abbrev  0x000004a3       0xac Drivers/led.o
 .debug_abbrev  0x0000054f       0x9d Drivers/switch.o
 .debug_abbrev  0x000005ec      0x19b Drivers/uart.o
 .debug_abbrev  0x00000787      0x1e8 RTOS_HH.o
 .debug_abbrev  0x0000096f       0xf6 Source/list.o
 .debug_abbrev  0x00000a65      0x154 Source/portable/GCC/ATMega323/port.o
 .debug_abbrev  0x00000bb9      0x148 Source/portable/MemMang/heap_1.o
 .debug_abbrev  0x00000d01      0x24a Source/queue.o
 .debug_abbrev  0x00000f4b      0x32b Source/tasks.o

.debug_line     0x00000000     0x1b30
 *(.debug_line .debug_line.* .debug_line_end)
 .debug_line    0x00000000      0x115 D:/Program Files (x86)/Atmel/Studio/7.0/Packs/atmel/ATmega_DFP/1.1.130/gcc/dev/atmega32/avr5/crtatmega32.o
 .debug_line    0x00000115      0x13a Drivers/led.o
 .debug_line    0x0000024f       0xf9 Drivers/switch.o
 .debug_line    0x00000348      0x1a0 Drivers/uart.o
 .debug_line    0x000004e8      0x2cc RTOS_HH.o
 .debug_line    0x000007b4      0x1a0 Source/list.o
 .debug_line    0x00000954      0x2b6 Source/portable/GCC/ATMega323/port.o
 .debug_line    0x00000c0a      0x159 Source/portable/MemMang/heap_1.o
 .debug_line    0x00000d63      0x633 Source/queue.o
 .debug_line    0x00001396      0x79a Source/tasks.o

.debug_frame    0x00000000      0x78c
 *(.debug_frame)
 .debug_frame   0x00000000       0x64 Drivers/led.o
 .debug_frame   0x00000064       0x44 Drivers/switch.o
 .debug_frame   0x000000a8       0x9c Drivers/uart.o
 .debug_frame   0x00000144       0xdc RTOS_HH.o
 .debug_frame   0x00000220       0x7c Source/list.o
 .debug_frame   0x0000029c       0x74 Source/portable/GCC/ATMega323/port.o
 .debug_frame   0x00000310       0x60 Source/portable/MemMang/heap_1.o
 .debug_frame   0x00000370      0x1e0 Source/queue.o
 .debug_frame   0x00000550      0x23c Source/tasks.o

.debug_str      0x00000000      0xf3a
 *(.debug_str)
 .debug_str     0x00000000      0x196 D:/Program Files (x86)/Atmel/Studio/7.0/Packs/atmel/ATmega_DFP/1.1.130/gcc/dev/atmega32/avr5/crtatmega32.o
 .debug_str     0x00000196      0x177 Drivers/led.o
                                0x1ab (size before relaxing)
 .debug_str     0x0000030d       0x43 Drivers/switch.o
                                0x196 (size before relaxing)
 .debug_str     0x00000350       0x9a Drivers/uart.o
                                0x200 (size before relaxing)
 .debug_str     0x000003ea      0x197 RTOS_HH.o
                                0x33a (size before relaxing)
 .debug_str     0x00000581      0x12f Source/list.o
                                0x28d (size before relaxing)
 .debug_str     0x000006b0      0x10c Source/portable/GCC/ATMega323/port.o
                                0x2a1 (size before relaxing)
 .debug_str     0x000007bc       0xcf Source/portable/MemMang/heap_1.o
                                0x236 (size before relaxing)
 .debug_str     0x0000088b      0x31a Source/queue.o
                                0x5f6 (size before relaxing)
 .debug_str     0x00000ba5      0x395 Source/tasks.o
                                0x807 (size before relaxing)

.debug_loc      0x00000000     0x21bc
 *(.debug_loc)
 .debug_loc     0x00000000       0xd7 Drivers/led.o
 .debug_loc     0x000000d7       0x3a Drivers/switch.o
 .debug_loc     0x00000111      0x1b6 Drivers/uart.o
 .debug_loc     0x000002c7      0x16c RTOS_HH.o
 .debug_loc     0x00000433       0xfe Source/list.o
 .debug_loc     0x00000531      0x2ac Source/portable/GCC/ATMega323/port.o
 .debug_loc     0x000007dd       0xf1 Source/portable/MemMang/heap_1.o
 .debug_loc     0x000008ce      0xcf7 Source/queue.o
 .debug_loc     0x000015c5      0xbf7 Source/tasks.o

.debug_macinfo
 *(.debug_macinfo)

.debug_weaknames
 *(.debug_weaknames)

.debug_funcnames
 *(.debug_funcnames)

.debug_typenames
 *(.debug_typenames)

.debug_varnames
 *(.debug_varnames)

.debug_pubtypes
 *(.debug_pubtypes)

.debug_ranges   0x00000000      0x2a8
 *(.debug_ranges)
 .debug_ranges  0x00000000       0x30 Drivers/led.o
 .debug_ranges  0x00000030       0x20 Drivers/switch.o
 .debug_ranges  0x00000050       0x38 Drivers/uart.o
 .debug_ranges  0x00000088       0x38 RTOS_HH.o
 .debug_ranges  0x000000c0       0x30 Source/list.o
 .debug_ranges  0x000000f0       0x38 Source/portable/GCC/ATMega323/port.o
 .debug_ranges  0x00000128       0x28 Source/portable/MemMang/heap_1.o
 .debug_ranges  0x00000150       0x70 Source/queue.o
 .debug_ranges  0x000001c0       0xe8 Source/tasks.o

.debug_macro
 *(.debug_macro)
OUTPUT(RTOS_HH.elf elf32-avr)
LOAD linker stubs
